2025-03-24 16:45:45, INFO: Using device: cpu
2025-03-24 16:45:45, INFO: Policy: st2 w/ global state
2025-03-24 16:45:45, INFO: human number: 4
2025-03-24 16:45:45, INFO: Randomize human's radius and preferred speed
2025-03-24 16:45:45, INFO: Training simulation: circle_crossing, test simulation: circle_crossing
2025-03-24 16:45:45, INFO: Square width: 10.0, circle width: 8.0
2025-03-24 16:45:45, INFO: Using model: Spatial_Temporal_Transformer(
  (Embedding): Embedding(
    (embedding): Linear(in_features=14, out_features=128, bias=True)
    (dropout): Dropout(p=0.1, inplace=False)
  )
  (temporal_encoder): Encoder(
    (layers): ModuleList(
      (0): EncoderLayer(
        (attn_norm): LayerNorm((128,), eps=1e-05, elementwise_affine=True)
        (attn): Attention(
          (qkv): Linear(in_features=128, out_features=384, bias=True)
          (out): Linear(in_features=128, out_features=128, bias=True)
          (attn_dropout): Dropout(p=0.1, inplace=False)
          (proj_dropout): Dropout(p=0.1, inplace=False)
          (softmax): Softmax(dim=-1)
          (avgpool): AdaptiveAvgPool1d(output_size=1)
        )
        (mlp_norm): LayerNorm((128,), eps=1e-05, elementwise_affine=True)
        (mlp): Mlp(
          (fc1): Linear(in_features=128, out_features=512, bias=True)
          (fc2): Linear(in_features=512, out_features=128, bias=True)
          (act): GELU(approximate='none')
          (dropout1): Dropout(p=0.1, inplace=False)
          (dropout2): Dropout(p=0.1, inplace=False)
        )
        (drop_path): DropPath()
      )
    )
    (encoder_norm): LayerNorm((128,), eps=1e-05, elementwise_affine=True)
  )
  (Spatial_encoder): Encoder(
    (layers): ModuleList(
      (0): EncoderLayer(
        (attn_norm): LayerNorm((128,), eps=1e-05, elementwise_affine=True)
        (attn): Attention(
          (qkv): Linear(in_features=128, out_features=384, bias=True)
          (out): Linear(in_features=128, out_features=128, bias=True)
          (attn_dropout): Dropout(p=0.1, inplace=False)
          (proj_dropout): Dropout(p=0.1, inplace=False)
          (softmax): Softmax(dim=-1)
          (avgpool): AdaptiveAvgPool1d(output_size=1)
        )
        (mlp_norm): LayerNorm((128,), eps=1e-05, elementwise_affine=True)
        (mlp): Mlp(
          (fc1): Linear(in_features=128, out_features=512, bias=True)
          (fc2): Linear(in_features=512, out_features=128, bias=True)
          (act): GELU(approximate='none')
          (dropout1): Dropout(p=0.1, inplace=False)
          (dropout2): Dropout(p=0.1, inplace=False)
        )
        (drop_path): DropPath()
      )
    )
    (encoder_norm): LayerNorm((128,), eps=1e-05, elementwise_affine=True)
  )
  (avgpool): AdaptiveAvgPool1d(output_size=1)
  (value_Linear_1): Linear(in_features=135, out_features=256, bias=True)
  (act): GELU(approximate='none')
  (value_Linear_2): Linear(in_features=256, out_features=128, bias=True)
  (value_Linear_3): Linear(in_features=128, out_features=1, bias=True)
  (softmax): Softmax(dim=-1)
)
2025-03-24 16:45:45, INFO: Current learning rate: 0.010000
2025-03-24 16:45:47, INFO: human number: 4
2025-03-24 16:45:47, INFO: running 1/4 episode, simulation environment: no
2025-03-24 16:45:47, INFO: 1/4 episode: Success! Total Reward: 27.458, R_dan: 0.096, R_goal: 10.0, R_col: 0, R_km: 2.39, R_col_wall: 0, R_wall_min_dist: -2.646, R_stop_t: -0.07, R_forward: -0.8, R_way_point_dist: 2.88, R_way_point_dir: 4.346, R_wp: 11.25
2025-03-24 16:45:47, INFO: Path length: 72.28361996542249
2025-03-24 16:45:47, INFO: Path left: 0
2025-03-24 16:45:47, INFO: Actions: 96
2025-03-24 16:45:47, INFO: Coordinates: -10.545448623597622 31.116396620869637
2025-03-24 16:45:47, INFO: Stops times: 7

2025-03-24 16:45:49, INFO: human number: 4
2025-03-24 16:45:49, INFO: running 2/4 episode, simulation environment: circle_crossing
2025-03-24 16:45:49, INFO: 2/4 episode: Success! Total Reward: 33.716, R_dan: 0.14, R_goal: 10.0, R_col: 0, R_km: 4.12, R_col_wall: 0, R_wall_min_dist: 0.044, R_stop_t: -0.02, R_forward: -1.14, R_way_point_dist: 3.98, R_way_point_dir: 5.336, R_wp: 11.25
2025-03-24 16:45:49, INFO: Path length: 78.23986015449707
2025-03-24 16:45:49, INFO: Path left: 0
2025-03-24 16:45:49, INFO: Actions: 142
2025-03-24 16:45:49, INFO: Coordinates: -9.458652470260859 30.947792768478394
2025-03-24 16:45:49, INFO: Stops times: 2

2025-03-24 16:45:51, INFO: human number: 4
2025-03-24 16:45:51, INFO: running 3/4 episode, simulation environment: circle_static
2025-03-24 16:45:51, INFO: 3/4 episode: Collision! Total Reward: 2.929, R_dan: 0.027, R_goal: 0, R_col: -0.25, R_km: 0.74, R_col_wall: 0, R_wall_min_dist: 0.065, R_stop_t: -0.01, R_forward: -0.27, R_way_point_dist: 0.81, R_way_point_dir: 1.067, R_wp: 0.75
2025-03-24 16:45:51, INFO: Path length: 13.136006771930715
2025-03-24 16:45:51, INFO: Path left: 65.29814541990274
2025-03-24 16:45:51, INFO: Actions: 27
2025-03-24 16:45:51, INFO: Coordinates: -3.509675979614258 -9.547016588039696
2025-03-24 16:45:51, INFO: Stops times: 1

2025-03-24 16:45:53, INFO: human number: 4
2025-03-24 16:45:53, INFO: running 4/4 episode, simulation environment: no
2025-03-24 16:45:53, INFO: 4/4 episode: Success! Total Reward: 27.458, R_dan: 0.096, R_goal: 10.0, R_col: 0, R_km: 2.39, R_col_wall: 0, R_wall_min_dist: -2.646, R_stop_t: -0.07, R_forward: -0.8, R_way_point_dist: 2.88, R_way_point_dir: 4.346, R_wp: 11.25
2025-03-24 16:45:53, INFO: Path length: 72.28361996542249
2025-03-24 16:45:53, INFO: Path left: 0
2025-03-24 16:45:53, INFO: Actions: 96
2025-03-24 16:45:53, INFO: Coordinates: -10.545448623597622 31.116396620869637
2025-03-24 16:45:53, INFO: Stops times: 7

2025-03-24 16:45:53, INFO: TRAIN has success rate: 0.75, collision rate: 0.25, timeout rate: 0.00, collisionwall rate: 0.00, nav time: 27.83, average speed: 2.67, path length: 74.27, total reward: 0.6829
2025-03-24 16:45:53, INFO: In each scenarios, TRAIN has success rate: 1.00 1.00, collision rate: 0.00 0.00, timeout rate: 0.00 0.00, collisionwall rate: 0.00 0.00, nav time: 24.00 35.50, average speed: 3.01 2.20, path length: 72.28 78.24, total reward: 0.6718 0.7183
2025-03-24 16:45:57, INFO: Finish imitation learning. Weights saved.
2025-03-24 16:45:57, INFO: Experience set size: 361/100000
2025-03-24 16:45:57, INFO: Agent is visible and has unicycle kinematic constraint
2025-03-24 16:45:57, INFO: Current learning rate: 0.005000
2025-03-24 16:45:59, INFO: human number: 4
2025-03-24 16:45:59, INFO: running 1/300 episode, simulation environment: no
